master PID 3756211   (kill -TERM -3756211)
[08:37:42] CUDA ok: 2 device(s); using [0,1], 8 jobs total
   gpu 0 NVIDIA RTX A5000
   gpu 1 NVIDIA RTX A5000
[08:37:44] 40 jobs, 8 at a time, gpus [0,1]
[08:37:44] START patch_mlp_act_k8 (gpu 1)
[08:37:44] START patch_mlp_act_k16 (gpu 0)
[08:37:44] START patch_mlp_act_k32 (gpu 1)
[08:37:44] START patch_mlp_act_k64 (gpu 0)
[08:37:44] START patch_mlp_act_k128 (gpu 1)
[08:37:44] START patch_mlp_out_k8 (gpu 0)
[08:37:44] START patch_mlp_out_k16 (gpu 1)
[08:37:44] START patch_mlp_out_k32 (gpu 0)
[08:42:29] FAIL  patch_mlp_out_k16 -> /mnt/ws/home/zstuddiford/wug-test-interp/results/hook_comparison/logs/20260710_083633/patch_mlp_out_k16.log
[08:42:29] FAIL  patch_mlp_act_k32 -> /mnt/ws/home/zstuddiford/wug-test-interp/results/hook_comparison/logs/20260710_083633/patch_mlp_act_k32.log
[08:42:29] START patch_mlp_out_k64 (gpu 1)
[08:42:29] START patch_mlp_out_k128 (gpu 0)
[08:42:29] FAIL  patch_mlp_act_k16 -> /mnt/ws/home/zstuddiford/wug-test-interp/results/hook_comparison/logs/20260710_083633/patch_mlp_act_k16.log
[08:42:29] FAIL  patch_mlp_out_k8 -> /mnt/ws/home/zstuddiford/wug-test-interp/results/hook_comparison/logs/20260710_083633/patch_mlp_out_k8.log
[08:42:29] START patch_attn_out_k8 (gpu 1)
[08:42:29] START patch_attn_out_k16 (gpu 0)
[08:42:30] FAIL  patch_mlp_out_k32 -> /mnt/ws/home/zstuddiford/wug-test-interp/results/hook_comparison/logs/20260710_083633/patch_mlp_out_k32.log
[08:42:30] START patch_attn_out_k32 (gpu 1)
[08:42:30] FAIL  patch_mlp_act_k64 -> /mnt/ws/home/zstuddiford/wug-test-interp/results/hook_comparison/logs/20260710_083633/patch_mlp_act_k64.log
[08:42:30] START patch_attn_out_k64 (gpu 0)
[08:42:30] FAIL  patch_mlp_act_k8 -> /mnt/ws/home/zstuddiford/wug-test-interp/results/hook_comparison/logs/20260710_083633/patch_mlp_act_k8.log
[08:42:30] START patch_attn_out_k128 (gpu 1)
[08:42:53] FAIL  patch_attn_out_k128 -> /mnt/ws/home/zstuddiford/wug-test-interp/results/hook_comparison/logs/20260710_083633/patch_attn_out_k128.log
[08:42:53] FAIL  patch_attn_out_k32 -> /mnt/ws/home/zstuddiford/wug-test-interp/results/hook_comparison/logs/20260710_083633/patch_attn_out_k32.log
[08:42:53] START patch_resid_k16 (gpu 1)
[08:42:53] START patch_resid_k8 (gpu 0)
[08:42:53] FAIL  patch_attn_out_k8 -> /mnt/ws/home/zstuddiford/wug-test-interp/results/hook_comparison/logs/20260710_083633/patch_attn_out_k8.log
[08:42:53] START patch_resid_k32 (gpu 0)
[08:42:53] FAIL  patch_mlp_out_k64 -> /mnt/ws/home/zstuddiford/wug-test-interp/results/hook_comparison/logs/20260710_083633/patch_mlp_out_k64.log
[08:42:53] START patch_resid_k64 (gpu 1)
[08:43:08] FAIL  patch_resid_k8 -> /mnt/ws/home/zstuddiford/wug-test-interp/results/hook_comparison/logs/20260710_083633/patch_resid_k8.log
[08:43:08] START patch_resid_k128 (gpu 0)
[08:43:09] FAIL  patch_resid_k32 -> /mnt/ws/home/zstuddiford/wug-test-interp/results/hook_comparison/logs/20260710_083633/patch_resid_k32.log
[08:43:09] START ablation_mlp_act_k8 (gpu 1)
[08:45:30] OK    patch_mlp_act_k128
[08:45:30] START ablation_mlp_act_k16 (gpu 0)
[08:45:43] FAIL  ablation_mlp_act_k16 -> /mnt/ws/home/zstuddiford/wug-test-interp/results/hook_comparison/logs/20260710_083633/ablation_mlp_act_k16.log
[08:45:43] START ablation_mlp_act_k32 (gpu 1)
[08:45:59] OK    patch_mlp_out_k128
[08:45:59] START ablation_mlp_act_k64 (gpu 0)
[08:45:59] OK    patch_attn_out_k16
[08:45:59] START ablation_mlp_act_k128 (gpu 1)
[08:46:00] OK    patch_attn_out_k64
[08:46:00] START ablation_mlp_out_k8 (gpu 0)
[08:46:02] OK    patch_resid_k64
[08:46:02] START ablation_mlp_out_k16 (gpu 1)
[08:46:03] OK    patch_resid_k16
[08:46:03] START ablation_mlp_out_k32 (gpu 0)
[08:46:25] OK    patch_resid_k128
[08:46:25] START ablation_mlp_out_k64 (gpu 1)
[08:46:38] FAIL  ablation_mlp_out_k64 -> /mnt/ws/home/zstuddiford/wug-test-interp/results/hook_comparison/logs/20260710_083633/ablation_mlp_out_k64.log
[08:46:38] START ablation_mlp_out_k128 (gpu 0)
[08:47:20] OK    ablation_mlp_act_k8
[08:47:20] START ablation_attn_out_k8 (gpu 1)
[08:49:28] OK    ablation_mlp_act_k32
[08:49:28] START ablation_attn_out_k16 (gpu 0)
[08:49:39] OK    ablation_mlp_act_k128
[08:49:39] START ablation_attn_out_k32 (gpu 1)
[08:49:41] FAIL  ablation_attn_out_k16 -> /mnt/ws/home/zstuddiford/wug-test-interp/results/hook_comparison/logs/20260710_083633/ablation_attn_out_k16.log
[08:49:41] START ablation_attn_out_k64 (gpu 0)
[08:49:42] OK    ablation_mlp_out_k16
[08:49:42] START ablation_attn_out_k128 (gpu 1)
[08:49:46] OK    ablation_mlp_out_k8
[08:49:46] START ablation_resid_k8 (gpu 0)
[08:49:47] OK    ablation_mlp_act_k64
[08:49:47] START ablation_resid_k16 (gpu 1)
[08:49:48] OK    ablation_mlp_out_k32
[08:49:48] START ablation_resid_k32 (gpu 0)
[08:50:27] OK    ablation_mlp_out_k128
[08:50:27] START ablation_resid_k64 (gpu 1)
[08:50:41] FAIL  ablation_resid_k64 -> /mnt/ws/home/zstuddiford/wug-test-interp/results/hook_comparison/logs/20260710_083633/ablation_resid_k64.log
[08:50:41] START ablation_resid_k128 (gpu 0)
[08:51:09] OK    ablation_attn_out_k8
[08:52:51] OK    ablation_attn_out_k32
[08:52:53] OK    ablation_attn_out_k128
[08:52:58] OK    ablation_resid_k16
[08:53:26] OK    ablation_attn_out_k64
[08:53:28] OK    ablation_resid_k8
[08:53:30] OK    ablation_resid_k32
[08:53:59] OK    ablation_resid_k128
[08:53:59] done. 17 failures.
  FAILED patch_mlp_out_k16
  FAILED patch_mlp_act_k32
  FAILED patch_mlp_act_k16
  FAILED patch_mlp_out_k8
  FAILED patch_mlp_out_k32
  FAILED patch_mlp_act_k64
  FAILED patch_mlp_act_k8
  FAILED patch_attn_out_k128
  FAILED patch_attn_out_k32
  FAILED patch_attn_out_k8
  FAILED patch_mlp_out_k64
  FAILED patch_resid_k8
  FAILED patch_resid_k32
  FAILED ablation_mlp_act_k16
  FAILED ablation_mlp_out_k64
  FAILED ablation_attn_out_k16
  FAILED ablation_resid_k64
