master PID 3865912   (kill -TERM -3865912)
[10:47:44] CUDA ok: 2 device(s), using [0,1]
[10:47:44] 32 jobs (k=128, hook=mlp_act), 2 at a time, gpus [0,1]
[10:47:44] START patch_Qwen3-VL-2B_syntax_target_verb_att0_opp_k128 (gpu 1)
[10:47:44] START patch_Qwen3-VL-2B_syntax_target_verb_att1_opp_k128 (gpu 0)
[10:49:57] OK    patch_Qwen3-VL-2B_syntax_target_verb_att0_opp_k128
[10:49:57] START patch_Qwen3-VL-2B_syntax_target_verb_att2_opp_k128 (gpu 1)
[10:50:00] OK    patch_Qwen3-VL-2B_syntax_target_verb_att1_opp_k128
[10:50:00] START patch_Qwen3-VL-2B_syntax_target_verb_att3_opp_k128 (gpu 0)
[10:52:11] OK    patch_Qwen3-VL-2B_syntax_target_verb_att2_opp_k128
[10:52:11] START patch_Qwen3-VL-2B_vision_target_verb_att0_opp_k128 (gpu 1)
[10:52:17] OK    patch_Qwen3-VL-2B_syntax_target_verb_att3_opp_k128
[10:52:17] START patch_Qwen3-VL-2B_vision_target_verb_att1_opp_k128 (gpu 0)
[10:54:28] OK    patch_Qwen3-VL-2B_vision_target_verb_att0_opp_k128
[10:54:28] START patch_Qwen3-VL-2B_vision_target_verb_att2_opp_k128 (gpu 1)
[10:54:29] OK    patch_Qwen3-VL-2B_vision_target_verb_att1_opp_k128
[10:54:29] START patch_Qwen3-VL-2B_vision_target_verb_att3_opp_k128 (gpu 0)
[10:56:47] OK    patch_Qwen3-VL-2B_vision_target_verb_att3_opp_k128
[10:56:47] START ablation_Qwen3-VL-2B_syntax_target_verb_att0_opp_k128 (gpu 1)
[10:56:50] OK    patch_Qwen3-VL-2B_vision_target_verb_att2_opp_k128
[10:56:50] START ablation_Qwen3-VL-2B_syntax_target_verb_att1_opp_k128 (gpu 0)
[10:59:16] OK    ablation_Qwen3-VL-2B_syntax_target_verb_att0_opp_k128
[10:59:16] START ablation_Qwen3-VL-2B_syntax_target_verb_att2_opp_k128 (gpu 1)
[10:59:20] OK    ablation_Qwen3-VL-2B_syntax_target_verb_att1_opp_k128
[10:59:20] START ablation_Qwen3-VL-2B_syntax_target_verb_att3_opp_k128 (gpu 0)
[11:01:40] OK    ablation_Qwen3-VL-2B_syntax_target_verb_att2_opp_k128
[11:01:40] START ablation_Qwen3-VL-2B_vision_target_verb_att0_opp_k128 (gpu 1)
[11:01:50] OK    ablation_Qwen3-VL-2B_syntax_target_verb_att3_opp_k128
[11:01:50] START ablation_Qwen3-VL-2B_vision_target_verb_att1_opp_k128 (gpu 0)
[11:04:09] OK    ablation_Qwen3-VL-2B_vision_target_verb_att0_opp_k128
[11:04:09] START ablation_Qwen3-VL-2B_vision_target_verb_att2_opp_k128 (gpu 1)
[11:04:17] OK    ablation_Qwen3-VL-2B_vision_target_verb_att1_opp_k128
[11:04:17] START ablation_Qwen3-VL-2B_vision_target_verb_att3_opp_k128 (gpu 0)
[11:06:39] OK    ablation_Qwen3-VL-2B_vision_target_verb_att2_opp_k128
[11:06:39] START patch_Qwen3-VL-4B_syntax_target_verb_att0_opp_k128 (gpu 1)
[11:06:47] OK    ablation_Qwen3-VL-2B_vision_target_verb_att3_opp_k128
[11:06:47] START patch_Qwen3-VL-4B_syntax_target_verb_att1_opp_k128 (gpu 0)
[11:09:44] OK    patch_Qwen3-VL-4B_syntax_target_verb_att0_opp_k128
[11:09:44] START patch_Qwen3-VL-4B_syntax_target_verb_att2_opp_k128 (gpu 1)
[11:09:46] OK    patch_Qwen3-VL-4B_syntax_target_verb_att1_opp_k128
[11:09:46] START patch_Qwen3-VL-4B_syntax_target_verb_att3_opp_k128 (gpu 0)
[11:12:13] OK    patch_Qwen3-VL-4B_syntax_target_verb_att3_opp_k128
[11:12:13] START patch_Qwen3-VL-4B_vision_target_verb_att0_opp_k128 (gpu 1)
[11:12:26] OK    patch_Qwen3-VL-4B_syntax_target_verb_att2_opp_k128
[11:12:26] START patch_Qwen3-VL-4B_vision_target_verb_att1_opp_k128 (gpu 0)
[11:15:00] OK    patch_Qwen3-VL-4B_vision_target_verb_att0_opp_k128
[11:15:00] START patch_Qwen3-VL-4B_vision_target_verb_att2_opp_k128 (gpu 1)
[11:15:18] OK    patch_Qwen3-VL-4B_vision_target_verb_att1_opp_k128
[11:15:18] START patch_Qwen3-VL-4B_vision_target_verb_att3_opp_k128 (gpu 0)
[11:17:50] OK    patch_Qwen3-VL-4B_vision_target_verb_att2_opp_k128
[11:17:50] START ablation_Qwen3-VL-4B_syntax_target_verb_att0_opp_k128 (gpu 1)
[11:18:06] OK    patch_Qwen3-VL-4B_vision_target_verb_att3_opp_k128
[11:18:06] START ablation_Qwen3-VL-4B_syntax_target_verb_att1_opp_k128 (gpu 0)
[11:20:53] OK    ablation_Qwen3-VL-4B_syntax_target_verb_att0_opp_k128
[11:20:53] START ablation_Qwen3-VL-4B_syntax_target_verb_att2_opp_k128 (gpu 1)
[11:21:11] OK    ablation_Qwen3-VL-4B_syntax_target_verb_att1_opp_k128
[11:21:11] START ablation_Qwen3-VL-4B_syntax_target_verb_att3_opp_k128 (gpu 0)
[11:23:51] OK    ablation_Qwen3-VL-4B_syntax_target_verb_att2_opp_k128
[11:23:51] START ablation_Qwen3-VL-4B_vision_target_verb_att0_opp_k128 (gpu 1)
[11:23:58] OK    ablation_Qwen3-VL-4B_syntax_target_verb_att3_opp_k128
[11:23:58] START ablation_Qwen3-VL-4B_vision_target_verb_att1_opp_k128 (gpu 0)
[11:26:57] OK    ablation_Qwen3-VL-4B_vision_target_verb_att0_opp_k128
[11:26:57] START ablation_Qwen3-VL-4B_vision_target_verb_att2_opp_k128 (gpu 1)
[11:27:04] OK    ablation_Qwen3-VL-4B_vision_target_verb_att1_opp_k128
[11:27:04] START ablation_Qwen3-VL-4B_vision_target_verb_att3_opp_k128 (gpu 0)
[11:30:02] OK    ablation_Qwen3-VL-4B_vision_target_verb_att2_opp_k128
[11:30:09] OK    ablation_Qwen3-VL-4B_vision_target_verb_att3_opp_k128
run_circuits_k128.sh: line 220: /mnt/ws/home/zstuddiford/wug-test-interp/results/circuits_k128/logs/20260710_104742/failed.txt: No such file or directory
[11:30:09] done. 0 failures.
